[0.177s] DEBUG:colcon:Command line arguments: ['/usr/bin/colcon', 'build', '--packages-select', 'hikvision_camera']
[0.177s] DEBUG:colcon:Parsed command line arguments: Namespace(log_base=None, log_level=None, verb_name='build', build_base='build', install_base='install', merge_install=False, symlink_install=False, test_result_base=None, continue_on_error=False, executor='parallel', parallel_workers=16, event_handlers=None, ignore_user_meta=False, metas=['./colcon.meta'], base_paths=['.'], packages_ignore=None, packages_ignore_regex=None, paths=None, packages_up_to=None, packages_up_to_regex=None, packages_above=None, packages_above_and_dependencies=None, packages_above_depth=None, packages_select_by_dep=None, packages_skip_by_dep=None, packages_skip_up_to=None, packages_select_build_failed=False, packages_skip_build_finished=False, packages_select_test_failures=False, packages_skip_test_passed=False, packages_select=['hikvision_camera'], packages_skip=None, packages_select_regex=None, packages_skip_regex=None, packages_start=None, packages_end=None, allow_overriding=[], cmake_args=None, cmake_target=None, cmake_target_skip_unavailable=False, cmake_clean_cache=False, cmake_clean_first=False, cmake_force_configure=False, ament_cmake_args=None, catkin_cmake_args=None, catkin_skip_building_tests=False, mixin_files=None, mixin=None, verb_parser=<colcon_mixin.mixin.mixin_argument.MixinArgumentDecorator object at 0x761cafcc0c20>, verb_extension=<colcon_core.verb.build.BuildVerb object at 0x761cafc35340>, main=<bound method BuildVerb.main of <colcon_core.verb.build.BuildVerb object at 0x761cafc35340>>, mixin_verb=('build',))
[0.231s] Level 1:colcon.colcon_core.package_discovery:discover_packages(colcon_meta) check parameters
[0.231s] Level 1:colcon.colcon_core.package_discovery:discover_packages(recursive) check parameters
[0.231s] Level 1:colcon.colcon_core.package_discovery:discover_packages(ignore) check parameters
[0.231s] Level 1:colcon.colcon_core.package_discovery:discover_packages(path) check parameters
[0.231s] Level 1:colcon.colcon_core.package_discovery:discover_packages(colcon_meta) discover
[0.231s] Level 1:colcon.colcon_core.package_discovery:discover_packages(recursive) discover
[0.231s] INFO:colcon.colcon_core.package_discovery:Crawling recursively for packages in '/home/tuibui/keyence'
[0.231s] Level 1:colcon.colcon_core.package_identification:_identify(.) by extensions ['ignore', 'ignore_ament_install']
[0.231s] Level 1:colcon.colcon_core.package_identification:_identify(.) by extension 'ignore'
[0.231s] Level 1:colcon.colcon_core.package_identification:_identify(.) by extension 'ignore_ament_install'
[0.231s] Level 1:colcon.colcon_core.package_identification:_identify(.) by extensions ['colcon_pkg']
[0.231s] Level 1:colcon.colcon_core.package_identification:_identify(.) by extension 'colcon_pkg'
[0.231s] Level 1:colcon.colcon_core.package_identification:_identify(.) by extensions ['colcon_meta']
[0.231s] Level 1:colcon.colcon_core.package_identification:_identify(.) by extension 'colcon_meta'
[0.231s] Level 1:colcon.colcon_core.package_identification:_identify(.) by extensions ['ros']
[0.231s] Level 1:colcon.colcon_core.package_identification:_identify(.) by extension 'ros'
[0.259s] Level 1:colcon.colcon_core.package_identification:_identify(.) by extensions ['cmake', 'python']
[0.259s] Level 1:colcon.colcon_core.package_identification:_identify(.) by extension 'cmake'
[0.259s] Level 1:colcon.colcon_core.package_identification:_identify(.) by extension 'python'
[0.259s] Level 1:colcon.colcon_core.package_identification:_identify(.) by extensions ['python_setup_py']
[0.259s] Level 1:colcon.colcon_core.package_identification:_identify(.) by extension 'python_setup_py'
[0.259s] Level 1:colcon.colcon_core.package_identification:_identify(__pycache__) by extensions ['ignore', 'ignore_ament_install']
[0.259s] Level 1:colcon.colcon_core.package_identification:_identify(__pycache__) by extension 'ignore'
[0.259s] Level 1:colcon.colcon_core.package_identification:_identify(__pycache__) by extension 'ignore_ament_install'
[0.259s] Level 1:colcon.colcon_core.package_identification:_identify(__pycache__) by extensions ['colcon_pkg']
[0.260s] Level 1:colcon.colcon_core.package_identification:_identify(__pycache__) by extension 'colcon_pkg'
[0.260s] Level 1:colcon.colcon_core.package_identification:_identify(__pycache__) by extensions ['colcon_meta']
[0.260s] Level 1:colcon.colcon_core.package_identification:_identify(__pycache__) by extension 'colcon_meta'
[0.260s] Level 1:colcon.colcon_core.package_identification:_identify(__pycache__) by extensions ['ros']
[0.260s] Level 1:colcon.colcon_core.package_identification:_identify(__pycache__) by extension 'ros'
[0.260s] Level 1:colcon.colcon_core.package_identification:_identify(__pycache__) by extensions ['cmake', 'python']
[0.260s] Level 1:colcon.colcon_core.package_identification:_identify(__pycache__) by extension 'cmake'
[0.260s] Level 1:colcon.colcon_core.package_identification:_identify(__pycache__) by extension 'python'
[0.260s] Level 1:colcon.colcon_core.package_identification:_identify(__pycache__) by extensions ['python_setup_py']
[0.260s] Level 1:colcon.colcon_core.package_identification:_identify(__pycache__) by extension 'python_setup_py'
[0.260s] Level 1:colcon.colcon_core.package_identification:_identify(build) by extensions ['ignore', 'ignore_ament_install']
[0.260s] Level 1:colcon.colcon_core.package_identification:_identify(build) by extension 'ignore'
[0.260s] Level 1:colcon.colcon_core.package_identification:_identify(build) ignored
[0.260s] Level 1:colcon.colcon_core.package_identification:_identify(hikvision_camera) by extensions ['ignore', 'ignore_ament_install']
[0.260s] Level 1:colcon.colcon_core.package_identification:_identify(hikvision_camera) by extension 'ignore'
[0.260s] Level 1:colcon.colcon_core.package_identification:_identify(hikvision_camera) by extension 'ignore_ament_install'
[0.260s] Level 1:colcon.colcon_core.package_identification:_identify(hikvision_camera) by extensions ['colcon_pkg']
[0.260s] Level 1:colcon.colcon_core.package_identification:_identify(hikvision_camera) by extension 'colcon_pkg'
[0.260s] Level 1:colcon.colcon_core.package_identification:_identify(hikvision_camera) by extensions ['colcon_meta']
[0.260s] Level 1:colcon.colcon_core.package_identification:_identify(hikvision_camera) by extension 'colcon_meta'
[0.260s] Level 1:colcon.colcon_core.package_identification:_identify(hikvision_camera) by extensions ['ros']
[0.260s] Level 1:colcon.colcon_core.package_identification:_identify(hikvision_camera) by extension 'ros'
[0.263s] DEBUG:colcon.colcon_core.package_identification:Package 'hikvision_camera' with type 'ros.ament_cmake' and name 'hikvision_camera'
[0.264s] Level 1:colcon.colcon_core.package_identification:_identify(install) by extensions ['ignore', 'ignore_ament_install']
[0.264s] Level 1:colcon.colcon_core.package_identification:_identify(install) by extension 'ignore'
[0.264s] Level 1:colcon.colcon_core.package_identification:_identify(install) ignored
[0.264s] Level 1:colcon.colcon_core.package_identification:_identify(keyence_glr_bringup) by extensions ['ignore', 'ignore_ament_install']
[0.264s] Level 1:colcon.colcon_core.package_identification:_identify(keyence_glr_bringup) by extension 'ignore'
[0.264s] Level 1:colcon.colcon_core.package_identification:_identify(keyence_glr_bringup) by extension 'ignore_ament_install'
[0.264s] Level 1:colcon.colcon_core.package_identification:_identify(keyence_glr_bringup) by extensions ['colcon_pkg']
[0.264s] Level 1:colcon.colcon_core.package_identification:_identify(keyence_glr_bringup) by extension 'colcon_pkg'
[0.264s] Level 1:colcon.colcon_core.package_identification:_identify(keyence_glr_bringup) by extensions ['colcon_meta']
[0.264s] Level 1:colcon.colcon_core.package_identification:_identify(keyence_glr_bringup) by extension 'colcon_meta'
[0.264s] Level 1:colcon.colcon_core.package_identification:_identify(keyence_glr_bringup) by extensions ['ros']
[0.264s] Level 1:colcon.colcon_core.package_identification:_identify(keyence_glr_bringup) by extension 'ros'
[0.264s] DEBUG:colcon.colcon_core.package_identification:Package 'keyence_glr_bringup' with type 'ros.ament_python' and name 'keyence_glr_bringup'
[0.265s] Level 1:colcon.colcon_core.package_identification:_identify(keyence_glr_driver) by extensions ['ignore', 'ignore_ament_install']
[0.265s] Level 1:colcon.colcon_core.package_identification:_identify(keyence_glr_driver) by extension 'ignore'
[0.265s] Level 1:colcon.colcon_core.package_identification:_identify(keyence_glr_driver) by extension 'ignore_ament_install'
[0.265s] Level 1:colcon.colcon_core.package_identification:_identify(keyence_glr_driver) by extensions ['colcon_pkg']
[0.265s] Level 1:colcon.colcon_core.package_identification:_identify(keyence_glr_driver) by extension 'colcon_pkg'
[0.265s] Level 1:colcon.colcon_core.package_identification:_identify(keyence_glr_driver) by extensions ['colcon_meta']
[0.265s] Level 1:colcon.colcon_core.package_identification:_identify(keyence_glr_driver) by extension 'colcon_meta'
[0.265s] Level 1:colcon.colcon_core.package_identification:_identify(keyence_glr_driver) by extensions ['ros']
[0.265s] Level 1:colcon.colcon_core.package_identification:_identify(keyence_glr_driver) by extension 'ros'
[0.265s] DEBUG:colcon.colcon_core.package_identification:Package 'keyence_glr_driver' with type 'ros.ament_python' and name 'keyence_glr_driver'
[0.265s] Level 1:colcon.colcon_core.package_identification:_identify(keyence_glr_msgs) by extensions ['ignore', 'ignore_ament_install']
[0.265s] Level 1:colcon.colcon_core.package_identification:_identify(keyence_glr_msgs) by extension 'ignore'
[0.265s] Level 1:colcon.colcon_core.package_identification:_identify(keyence_glr_msgs) by extension 'ignore_ament_install'
[0.265s] Level 1:colcon.colcon_core.package_identification:_identify(keyence_glr_msgs) by extensions ['colcon_pkg']
[0.265s] Level 1:colcon.colcon_core.package_identification:_identify(keyence_glr_msgs) by extension 'colcon_pkg'
[0.266s] Level 1:colcon.colcon_core.package_identification:_identify(keyence_glr_msgs) by extensions ['colcon_meta']
[0.266s] Level 1:colcon.colcon_core.package_identification:_identify(keyence_glr_msgs) by extension 'colcon_meta'
[0.266s] Level 1:colcon.colcon_core.package_identification:_identify(keyence_glr_msgs) by extensions ['ros']
[0.266s] Level 1:colcon.colcon_core.package_identification:_identify(keyence_glr_msgs) by extension 'ros'
[0.266s] DEBUG:colcon.colcon_core.package_identification:Package 'keyence_glr_msgs' with type 'ros.ament_cmake' and name 'keyence_glr_msgs'
[0.266s] Level 1:colcon.colcon_core.package_identification:_identify(log) by extensions ['ignore', 'ignore_ament_install']
[0.266s] Level 1:colcon.colcon_core.package_identification:_identify(log) by extension 'ignore'
[0.266s] Level 1:colcon.colcon_core.package_identification:_identify(log) ignored
[0.266s] Level 1:colcon.colcon_core.package_discovery:discover_packages(recursive) using defaults
[0.266s] Level 1:colcon.colcon_core.package_discovery:discover_packages(ignore) discover
[0.266s] Level 1:colcon.colcon_core.package_discovery:discover_packages(ignore) using defaults
[0.266s] Level 1:colcon.colcon_core.package_discovery:discover_packages(path) discover
[0.266s] Level 1:colcon.colcon_core.package_discovery:discover_packages(path) using defaults
[0.286s] INFO:colcon.colcon_core.package_selection:Skipping not selected package 'keyence_glr_msgs' in 'keyence_glr_msgs'
[0.286s] INFO:colcon.colcon_core.package_selection:Skipping not selected package 'keyence_glr_driver' in 'keyence_glr_driver'
[0.286s] INFO:colcon.colcon_core.package_selection:Skipping not selected package 'keyence_glr_bringup' in 'keyence_glr_bringup'
[0.287s] Level 1:colcon.colcon_core.package_discovery:discover_packages(prefix_path) check parameters
[0.287s] Level 1:colcon.colcon_core.package_discovery:discover_packages(prefix_path) discover
[0.291s] DEBUG:colcon.colcon_installed_package_information.package_discovery:Found 318 installed packages in /opt/ros/jazzy
[0.292s] Level 1:colcon.colcon_core.package_discovery:discover_packages(prefix_path) using defaults
[0.333s] Level 5:colcon.colcon_core.verb:set package 'hikvision_camera' build argument 'cmake_args' from command line to 'None'
[0.333s] Level 5:colcon.colcon_core.verb:set package 'hikvision_camera' build argument 'cmake_target' from command line to 'None'
[0.333s] Level 5:colcon.colcon_core.verb:set package 'hikvision_camera' build argument 'cmake_target_skip_unavailable' from command line to 'False'
[0.333s] Level 5:colcon.colcon_core.verb:set package 'hikvision_camera' build argument 'cmake_clean_cache' from command line to 'False'
[0.333s] Level 5:colcon.colcon_core.verb:set package 'hikvision_camera' build argument 'cmake_clean_first' from command line to 'False'
[0.333s] Level 5:colcon.colcon_core.verb:set package 'hikvision_camera' build argument 'cmake_force_configure' from command line to 'False'
[0.333s] Level 5:colcon.colcon_core.verb:set package 'hikvision_camera' build argument 'ament_cmake_args' from command line to 'None'
[0.333s] Level 5:colcon.colcon_core.verb:set package 'hikvision_camera' build argument 'catkin_cmake_args' from command line to 'None'
[0.333s] Level 5:colcon.colcon_core.verb:set package 'hikvision_camera' build argument 'catkin_skip_building_tests' from command line to 'False'
[0.333s] DEBUG:colcon.colcon_core.verb:Building package 'hikvision_camera' with the following arguments: {'ament_cmake_args': None, 'build_base': '/home/tuibui/keyence/build/hikvision_camera', 'catkin_cmake_args': None, 'catkin_skip_building_tests': False, 'cmake_args': None, 'cmake_clean_cache': False, 'cmake_clean_first': False, 'cmake_force_configure': False, 'cmake_target': None, 'cmake_target_skip_unavailable': False, 'install_base': '/home/tuibui/keyence/install/hikvision_camera', 'merge_install': False, 'path': '/home/tuibui/keyence/hikvision_camera', 'symlink_install': False, 'test_result_base': None}
[0.333s] INFO:colcon.colcon_core.executor:Executing jobs using 'parallel' executor
[0.334s] DEBUG:colcon.colcon_parallel_executor.executor.parallel:run_until_complete
[0.334s] INFO:colcon.colcon_ros.task.ament_cmake.build:Building ROS package in '/home/tuibui/keyence/hikvision_camera' with build type 'ament_cmake'
[0.334s] INFO:colcon.colcon_cmake.task.cmake.build:Building CMake package in '/home/tuibui/keyence/hikvision_camera'
[0.338s] INFO:colcon.colcon_core.plugin_system:Skipping extension 'colcon_core.shell.bat': Not used on non-Windows systems
[0.338s] INFO:colcon.colcon_core.shell:Skip shell extension 'powershell' for command environment: Not usable outside of PowerShell
[0.338s] DEBUG:colcon.colcon_core.shell:Skip shell extension 'dsv' for command environment
[0.346s] DEBUG:colcon.colcon_core.event_handler.log_command:Invoking command in '/home/tuibui/keyence/build/hikvision_camera': CMAKE_PREFIX_PATH=${CMAKE_PREFIX_PATH}:/opt/ros/jazzy DEBUGINFOD_URLS=https://debuginfod.ubuntu.com /usr/bin/cmake /home/tuibui/keyence/hikvision_camera -DCMAKE_INSTALL_PREFIX=/home/tuibui/keyence/install/hikvision_camera
[2.014s] DEBUG:colcon.colcon_core.event_handler.log_command:Invoked command in '/home/tuibui/keyence/build/hikvision_camera' returned '0': CMAKE_PREFIX_PATH=${CMAKE_PREFIX_PATH}:/opt/ros/jazzy DEBUGINFOD_URLS=https://debuginfod.ubuntu.com /usr/bin/cmake /home/tuibui/keyence/hikvision_camera -DCMAKE_INSTALL_PREFIX=/home/tuibui/keyence/install/hikvision_camera
[2.015s] DEBUG:colcon.colcon_core.event_handler.log_command:Invoking command in '/home/tuibui/keyence/build/hikvision_camera': CMAKE_PREFIX_PATH=${CMAKE_PREFIX_PATH}:/opt/ros/jazzy DEBUGINFOD_URLS=https://debuginfod.ubuntu.com /usr/bin/cmake --build /home/tuibui/keyence/build/hikvision_camera -- -j16 -l16
[7.429s] DEBUG:colcon.colcon_core.event_handler.log_command:Invoked command in '/home/tuibui/keyence/build/hikvision_camera' returned '0': CMAKE_PREFIX_PATH=${CMAKE_PREFIX_PATH}:/opt/ros/jazzy DEBUGINFOD_URLS=https://debuginfod.ubuntu.com /usr/bin/cmake --build /home/tuibui/keyence/build/hikvision_camera -- -j16 -l16
[7.441s] DEBUG:colcon.colcon_core.event_handler.log_command:Invoking command in '/home/tuibui/keyence/build/hikvision_camera': CMAKE_PREFIX_PATH=${CMAKE_PREFIX_PATH}:/opt/ros/jazzy DEBUGINFOD_URLS=https://debuginfod.ubuntu.com /usr/bin/cmake --install /home/tuibui/keyence/build/hikvision_camera
[7.457s] Level 1:colcon.colcon_core.environment:create_environment_scripts_only(hikvision_camera)
[7.457s] DEBUG:colcon.colcon_core.event_handler.log_command:Invoked command in '/home/tuibui/keyence/build/hikvision_camera' returned '0': CMAKE_PREFIX_PATH=${CMAKE_PREFIX_PATH}:/opt/ros/jazzy DEBUGINFOD_URLS=https://debuginfod.ubuntu.com /usr/bin/cmake --install /home/tuibui/keyence/build/hikvision_camera
[7.462s] Level 1:colcon.colcon_core.environment:checking '/home/tuibui/keyence/install/hikvision_camera' for CMake module files
[7.463s] Level 1:colcon.colcon_core.environment:checking '/home/tuibui/keyence/install/hikvision_camera' for CMake config files
[7.463s] Level 1:colcon.colcon_core.shell:create_environment_hook('hikvision_camera', 'cmake_prefix_path')
[7.463s] INFO:colcon.colcon_core.shell:Creating environment hook '/home/tuibui/keyence/install/hikvision_camera/share/hikvision_camera/hook/cmake_prefix_path.ps1'
[7.464s] INFO:colcon.colcon_core.shell:Creating environment descriptor '/home/tuibui/keyence/install/hikvision_camera/share/hikvision_camera/hook/cmake_prefix_path.dsv'
[7.464s] INFO:colcon.colcon_core.shell:Creating environment hook '/home/tuibui/keyence/install/hikvision_camera/share/hikvision_camera/hook/cmake_prefix_path.sh'
[7.465s] Level 1:colcon.colcon_core.environment:checking '/home/tuibui/keyence/install/hikvision_camera/lib'
[7.465s] Level 1:colcon.colcon_core.environment:checking '/home/tuibui/keyence/install/hikvision_camera/bin'
[7.465s] Level 1:colcon.colcon_core.environment:checking '/home/tuibui/keyence/install/hikvision_camera/lib/pkgconfig/hikvision_camera.pc'
[7.465s] Level 1:colcon.colcon_core.environment:checking '/home/tuibui/keyence/install/hikvision_camera/lib/python3.12/site-packages'
[7.466s] Level 1:colcon.colcon_core.environment:checking '/home/tuibui/keyence/install/hikvision_camera/bin'
[7.466s] INFO:colcon.colcon_core.shell:Creating package script '/home/tuibui/keyence/install/hikvision_camera/share/hikvision_camera/package.ps1'
[7.467s] INFO:colcon.colcon_core.shell:Creating package descriptor '/home/tuibui/keyence/install/hikvision_camera/share/hikvision_camera/package.dsv'
[7.467s] INFO:colcon.colcon_core.shell:Creating package script '/home/tuibui/keyence/install/hikvision_camera/share/hikvision_camera/package.sh'
[7.468s] INFO:colcon.colcon_core.shell:Creating package script '/home/tuibui/keyence/install/hikvision_camera/share/hikvision_camera/package.bash'
[7.469s] INFO:colcon.colcon_core.shell:Creating package script '/home/tuibui/keyence/install/hikvision_camera/share/hikvision_camera/package.zsh'
[7.469s] Level 1:colcon.colcon_core.environment:create_file_with_runtime_dependencies(/home/tuibui/keyence/install/hikvision_camera/share/colcon-core/packages/hikvision_camera)
[7.470s] Level 1:colcon.colcon_core.environment:create_environment_scripts_only(hikvision_camera)
[7.470s] Level 1:colcon.colcon_core.environment:checking '/home/tuibui/keyence/install/hikvision_camera' for CMake module files
[7.470s] Level 1:colcon.colcon_core.environment:checking '/home/tuibui/keyence/install/hikvision_camera' for CMake config files
[7.471s] Level 1:colcon.colcon_core.shell:create_environment_hook('hikvision_camera', 'cmake_prefix_path')
[7.471s] INFO:colcon.colcon_core.shell:Creating environment hook '/home/tuibui/keyence/install/hikvision_camera/share/hikvision_camera/hook/cmake_prefix_path.ps1'
[7.471s] INFO:colcon.colcon_core.shell:Creating environment descriptor '/home/tuibui/keyence/install/hikvision_camera/share/hikvision_camera/hook/cmake_prefix_path.dsv'
[7.471s] INFO:colcon.colcon_core.shell:Creating environment hook '/home/tuibui/keyence/install/hikvision_camera/share/hikvision_camera/hook/cmake_prefix_path.sh'
[7.472s] Level 1:colcon.colcon_core.environment:checking '/home/tuibui/keyence/install/hikvision_camera/lib'
[7.472s] Level 1:colcon.colcon_core.environment:checking '/home/tuibui/keyence/install/hikvision_camera/bin'
[7.472s] Level 1:colcon.colcon_core.environment:checking '/home/tuibui/keyence/install/hikvision_camera/lib/pkgconfig/hikvision_camera.pc'
[7.472s] Level 1:colcon.colcon_core.environment:checking '/home/tuibui/keyence/install/hikvision_camera/lib/python3.12/site-packages'
[7.472s] Level 1:colcon.colcon_core.environment:checking '/home/tuibui/keyence/install/hikvision_camera/bin'
[7.473s] INFO:colcon.colcon_core.shell:Creating package script '/home/tuibui/keyence/install/hikvision_camera/share/hikvision_camera/package.ps1'
[7.473s] INFO:colcon.colcon_core.shell:Creating package descriptor '/home/tuibui/keyence/install/hikvision_camera/share/hikvision_camera/package.dsv'
[7.473s] INFO:colcon.colcon_core.shell:Creating package script '/home/tuibui/keyence/install/hikvision_camera/share/hikvision_camera/package.sh'
[7.474s] INFO:colcon.colcon_core.shell:Creating package script '/home/tuibui/keyence/install/hikvision_camera/share/hikvision_camera/package.bash'
[7.474s] INFO:colcon.colcon_core.shell:Creating package script '/home/tuibui/keyence/install/hikvision_camera/share/hikvision_camera/package.zsh'
[7.474s] Level 1:colcon.colcon_core.environment:create_file_with_runtime_dependencies(/home/tuibui/keyence/install/hikvision_camera/share/colcon-core/packages/hikvision_camera)
[7.475s] DEBUG:colcon.colcon_parallel_executor.executor.parallel:closing loop
[7.475s] DEBUG:colcon.colcon_parallel_executor.executor.parallel:loop closed
[7.475s] DEBUG:colcon.colcon_parallel_executor.executor.parallel:run_until_complete finished with '0'
[7.475s] DEBUG:colcon.colcon_core.event_reactor:joining thread
[7.481s] INFO:colcon.colcon_core.plugin_system:Skipping extension 'colcon_notification.desktop_notification.terminal_notifier': Not used on non-Darwin systems
[7.481s] INFO:colcon.colcon_core.plugin_system:Skipping extension 'colcon_notification.desktop_notification.win32': Not used on non-Windows systems
[7.481s] INFO:colcon.colcon_notification.desktop_notification:Sending desktop notification using 'notify2'
[7.505s] DEBUG:colcon.colcon_core.event_reactor:joined thread
[7.505s] INFO:colcon.colcon_core.shell:Creating prefix script '/home/tuibui/keyence/install/local_setup.ps1'
[7.506s] INFO:colcon.colcon_core.shell:Creating prefix util module '/home/tuibui/keyence/install/_local_setup_util_ps1.py'
[7.508s] INFO:colcon.colcon_core.shell:Creating prefix chain script '/home/tuibui/keyence/install/setup.ps1'
[7.509s] INFO:colcon.colcon_core.shell:Creating prefix script '/home/tuibui/keyence/install/local_setup.sh'
[7.510s] INFO:colcon.colcon_core.shell:Creating prefix util module '/home/tuibui/keyence/install/_local_setup_util_sh.py'
[7.510s] INFO:colcon.colcon_core.shell:Creating prefix chain script '/home/tuibui/keyence/install/setup.sh'
[7.511s] INFO:colcon.colcon_core.shell:Creating prefix script '/home/tuibui/keyence/install/local_setup.bash'
[7.512s] INFO:colcon.colcon_core.shell:Creating prefix chain script '/home/tuibui/keyence/install/setup.bash'
[7.513s] INFO:colcon.colcon_core.shell:Creating prefix script '/home/tuibui/keyence/install/local_setup.zsh'
[7.514s] INFO:colcon.colcon_core.shell:Creating prefix chain script '/home/tuibui/keyence/install/setup.zsh'
