-- The C compiler identification is GNU 13.3.0
-- The CXX compiler identification is GNU 13.3.0
-- Detecting C compiler ABI info
-- Detecting C compiler ABI info - done
-- Check for working C compiler: /usr/bin/cc - skipped
-- Detecting C compile features
-- Detecting C compile features - done
-- Detecting CXX compiler ABI info
-- Detecting CXX compiler ABI info - done
-- Check for working CXX compiler: /usr/bin/c++ - skipped
-- Detecting CXX compile features
-- Detecting CXX compile features - done
-- Found ament_cmake: 2.5.5 (/opt/ros/jazzy/share/ament_cmake/cmake)
-- Found Python3: /usr/bin/python3 (found version "3.12.3") found components: Interpreter 
-- Found rclcpp: 28.1.16 (/opt/ros/jazzy/share/rclcpp/cmake)
-- Found rosidl_generator_c: 4.6.7 (/opt/ros/jazzy/share/rosidl_generator_c/cmake)
-- Found rosidl_generator_cpp: 4.6.7 (/opt/ros/jazzy/share/rosidl_generator_cpp/cmake)
-- Using all available rosidl_typesupport_c: rosidl_typesupport_fastrtps_c;rosidl_typesupport_introspection_c
-- Using all available rosidl_typesupport_cpp: rosidl_typesupport_fastrtps_cpp;rosidl_typesupport_introspection_cpp
-- Found rmw_implementation_cmake: 7.3.3 (/opt/ros/jazzy/share/rmw_implementation_cmake/cmake)
-- Found rmw_fastrtps_cpp: 8.4.3 (/opt/ros/jazzy/share/rmw_fastrtps_cpp/cmake)
-- Found OpenSSL: /usr/lib/x86_64-linux-gnu/libcrypto.so (found version "3.0.13")  
-- Found FastRTPS: /opt/ros/jazzy/include (Required is at least version "2.13") 
-- Using RMW implementation 'rmw_fastrtps_cpp' as default
-- Found OpenCV: /usr (found version "4.6.0") 
-- Found ament_lint_auto: 0.17.4 (/opt/ros/jazzy/share/ament_lint_auto/cmake)
-- Added test 'copyright' to check source files copyright and LICENSE
-- Added test 'cppcheck' to perform static code analysis on C / C++ code
-- Configured cppcheck include dirs: 
-- Configured cppcheck exclude dirs and/or files: 
-- Added test 'cpplint' to check C / C++ code against the Google style
-- Configured cpplint exclude dirs and/or files: 
-- Added test 'flake8' to check Python code syntax and style conventions
-- Configured 'flake8' exclude dirs and/or files: 
-- Added test 'lint_cmake' to check CMake code style
-- Added test 'pep257' to check Python code against some of the docstring style conventions in PEP 257
-- Added test 'uncrustify' to check C / C++ code style
-- Configured uncrustify additional arguments: 
-- Added test 'xmllint' to check XML markup files
-- Configuring done (1.6s)
-- Generating done (0.0s)
-- Build files have been written to: /home/tuibui/keyence/build/hikvision_camera
[ 50%] Building CXX object CMakeFiles/rtsp_display.dir/src/rtsp_display.cpp.o
[100%] Linking CXX executable rtsp_display
[100%] Built target rtsp_display
-- Install configuration: ""
-- Installing: /home/tuibui/keyence/install/hikvision_camera/lib/hikvision_camera/rtsp_display
-- Set non-toolchain portion of runtime path of "/home/tuibui/keyence/install/hikvision_camera/lib/hikvision_camera/rtsp_display" to ""
-- Installing: /home/tuibui/keyence/install/hikvision_camera/share/hikvision_camera/launch
-- Installing: /home/tuibui/keyence/install/hikvision_camera/share/hikvision_camera/launch/display.launch.py
-- Installing: /home/tuibui/keyence/install/hikvision_camera/share/hikvision_camera/config
-- Installing: /home/tuibui/keyence/install/hikvision_camera/share/hikvision_camera/config/camera.yaml
-- Installing: /home/tuibui/keyence/install/hikvision_camera/share/ament_index/resource_index/package_run_dependencies/hikvision_camera
-- Installing: /home/tuibui/keyence/install/hikvision_camera/share/ament_index/resource_index/parent_prefix_path/hikvision_camera
-- Installing: /home/tuibui/keyence/install/hikvision_camera/share/hikvision_camera/environment/ament_prefix_path.sh
-- Installing: /home/tuibui/keyence/install/hikvision_camera/share/hikvision_camera/environment/ament_prefix_path.dsv
-- Installing: /home/tuibui/keyence/install/hikvision_camera/share/hikvision_camera/environment/path.sh
-- Installing: /home/tuibui/keyence/install/hikvision_camera/share/hikvision_camera/environment/path.dsv
-- Installing: /home/tuibui/keyence/install/hikvision_camera/share/hikvision_camera/local_setup.bash
-- Installing: /home/tuibui/keyence/install/hikvision_camera/share/hikvision_camera/local_setup.sh
-- Installing: /home/tuibui/keyence/install/hikvision_camera/share/hikvision_camera/local_setup.zsh
-- Installing: /home/tuibui/keyence/install/hikvision_camera/share/hikvision_camera/local_setup.dsv
-- Installing: /home/tuibui/keyence/install/hikvision_camera/share/hikvision_camera/package.dsv
-- Installing: /home/tuibui/keyence/install/hikvision_camera/share/ament_index/resource_index/packages/hikvision_camera
-- Installing: /home/tuibui/keyence/install/hikvision_camera/share/hikvision_camera/cmake/hikvision_cameraConfig.cmake
-- Installing: /home/tuibui/keyence/install/hikvision_camera/share/hikvision_camera/cmake/hikvision_cameraConfig-version.cmake
-- Installing: /home/tuibui/keyence/install/hikvision_camera/share/hikvision_camera/package.xml
