[0.012s] Invoking command in '/home/tuibui/keyence/build/hikvision_camera': CMAKE_PREFIX_PATH=${CMAKE_PREFIX_PATH}:/opt/ros/jazzy DEBUGINFOD_URLS=https://debuginfod.ubuntu.com /usr/bin/cmake /home/tuibui/keyence/hikvision_camera -DCMAKE_INSTALL_PREFIX=/home/tuibui/keyence/install/hikvision_camera
[0.149s] -- The C compiler identification is GNU 13.3.0
[0.266s] -- The CXX compiler identification is GNU 13.3.0
[0.294s] -- Detecting C compiler ABI info
[0.407s] -- Detecting C compiler ABI info - done
[0.416s] -- Check for working C compiler: /usr/bin/cc - skipped
[0.416s] -- Detecting C compile features
[0.417s] -- Detecting C compile features - done
[0.428s] -- Detecting CXX compiler ABI info
[0.544s] -- Detecting CXX compiler ABI info - done
[0.554s] -- Check for working CXX compiler: /usr/bin/c++ - skipped
[0.554s] -- Detecting CXX compile features
[0.554s] -- Detecting CXX compile features - done
[0.561s] -- Found ament_cmake: 2.5.5 (/opt/ros/jazzy/share/ament_cmake/cmake)
[0.728s] -- Found Python3: /usr/bin/python3 (found version "3.12.3") found components: Interpreter 
[0.889s] -- Found rclcpp: 28.1.16 (/opt/ros/jazzy/share/rclcpp/cmake)
[0.969s] -- Found rosidl_generator_c: 4.6.7 (/opt/ros/jazzy/share/rosidl_generator_c/cmake)
[0.994s] -- Found rosidl_generator_cpp: 4.6.7 (/opt/ros/jazzy/share/rosidl_generator_cpp/cmake)
[1.026s] -- Using all available rosidl_typesupport_c: rosidl_typesupport_fastrtps_c;rosidl_typesupport_introspection_c
[1.058s] -- Using all available rosidl_typesupport_cpp: rosidl_typesupport_fastrtps_cpp;rosidl_typesupport_introspection_cpp
[1.180s] -- Found rmw_implementation_cmake: 7.3.3 (/opt/ros/jazzy/share/rmw_implementation_cmake/cmake)
[1.186s] -- Found rmw_fastrtps_cpp: 8.4.3 (/opt/ros/jazzy/share/rmw_fastrtps_cpp/cmake)
[1.319s] -- Found OpenSSL: /usr/lib/x86_64-linux-gnu/libcrypto.so (found version "3.0.13")  
[1.345s] -- Found FastRTPS: /opt/ros/jazzy/include (Required is at least version "2.13") 
[1.373s] -- Using RMW implementation 'rmw_fastrtps_cpp' as default
[1.497s] -- Found OpenCV: /usr (found version "4.6.0") 
[1.503s] -- Found ament_lint_auto: 0.17.4 (/opt/ros/jazzy/share/ament_lint_auto/cmake)
[1.634s] -- Added test 'copyright' to check source files copyright and LICENSE
[1.637s] -- Added test 'cppcheck' to perform static code analysis on C / C++ code
[1.637s] -- Configured cppcheck include dirs: 
[1.637s] -- Configured cppcheck exclude dirs and/or files: 
[1.638s] -- Added test 'cpplint' to check C / C++ code against the Google style
[1.639s] -- Configured cpplint exclude dirs and/or files: 
[1.640s] -- Added test 'flake8' to check Python code syntax and style conventions
[1.640s] -- Configured 'flake8' exclude dirs and/or files: 
[1.641s] -- Added test 'lint_cmake' to check CMake code style
[1.642s] -- Added test 'pep257' to check Python code against some of the docstring style conventions in PEP 257
[1.644s] -- Added test 'uncrustify' to check C / C++ code style
[1.644s] -- Configured uncrustify additional arguments: 
[1.645s] -- Added test 'xmllint' to check XML markup files
[1.648s] -- Configuring done (1.6s)
[1.663s] -- Generating done (0.0s)
[1.668s] -- Build files have been written to: /home/tuibui/keyence/build/hikvision_camera
[1.679s] Invoked command in '/home/tuibui/keyence/build/hikvision_camera' returned '0': CMAKE_PREFIX_PATH=${CMAKE_PREFIX_PATH}:/opt/ros/jazzy DEBUGINFOD_URLS=https://debuginfod.ubuntu.com /usr/bin/cmake /home/tuibui/keyence/hikvision_camera -DCMAKE_INSTALL_PREFIX=/home/tuibui/keyence/install/hikvision_camera
[1.680s] Invoking command in '/home/tuibui/keyence/build/hikvision_camera': CMAKE_PREFIX_PATH=${CMAKE_PREFIX_PATH}:/opt/ros/jazzy DEBUGINFOD_URLS=https://debuginfod.ubuntu.com /usr/bin/cmake --build /home/tuibui/keyence/build/hikvision_camera -- -j16 -l16
[1.743s] [ 50%] Building CXX object CMakeFiles/rtsp_display.dir/src/rtsp_display.cpp.o
[6.108s] [100%] Linking CXX executable rtsp_display
[7.081s] [100%] Built target rtsp_display
[7.094s] Invoked command in '/home/tuibui/keyence/build/hikvision_camera' returned '0': CMAKE_PREFIX_PATH=${CMAKE_PREFIX_PATH}:/opt/ros/jazzy DEBUGINFOD_URLS=https://debuginfod.ubuntu.com /usr/bin/cmake --build /home/tuibui/keyence/build/hikvision_camera -- -j16 -l16
[7.106s] Invoking command in '/home/tuibui/keyence/build/hikvision_camera': CMAKE_PREFIX_PATH=${CMAKE_PREFIX_PATH}:/opt/ros/jazzy DEBUGINFOD_URLS=https://debuginfod.ubuntu.com /usr/bin/cmake --install /home/tuibui/keyence/build/hikvision_camera
[7.116s] -- Install configuration: ""
[7.116s] -- Installing: /home/tuibui/keyence/install/hikvision_camera/lib/hikvision_camera/rtsp_display
[7.117s] -- Set non-toolchain portion of runtime path of "/home/tuibui/keyence/install/hikvision_camera/lib/hikvision_camera/rtsp_display" to ""
[7.117s] -- Installing: /home/tuibui/keyence/install/hikvision_camera/share/hikvision_camera/launch
[7.117s] -- Installing: /home/tuibui/keyence/install/hikvision_camera/share/hikvision_camera/launch/display.launch.py
[7.118s] -- Installing: /home/tuibui/keyence/install/hikvision_camera/share/hikvision_camera/config
[7.118s] -- Installing: /home/tuibui/keyence/install/hikvision_camera/share/hikvision_camera/config/camera.yaml
[7.118s] -- Installing: /home/tuibui/keyence/install/hikvision_camera/share/ament_index/resource_index/package_run_dependencies/hikvision_camera
[7.118s] -- Installing: /home/tuibui/keyence/install/hikvision_camera/share/ament_index/resource_index/parent_prefix_path/hikvision_camera
[7.118s] -- Installing: /home/tuibui/keyence/install/hikvision_camera/share/hikvision_camera/environment/ament_prefix_path.sh
[7.118s] -- Installing: /home/tuibui/keyence/install/hikvision_camera/share/hikvision_camera/environment/ament_prefix_path.dsv
[7.119s] -- Installing: /home/tuibui/keyence/install/hikvision_camera/share/hikvision_camera/environment/path.sh
[7.119s] -- Installing: /home/tuibui/keyence/install/hikvision_camera/share/hikvision_camera/environment/path.dsv
[7.119s] -- Installing: /home/tuibui/keyence/install/hikvision_camera/share/hikvision_camera/local_setup.bash
[7.119s] -- Installing: /home/tuibui/keyence/install/hikvision_camera/share/hikvision_camera/local_setup.sh
[7.119s] -- Installing: /home/tuibui/keyence/install/hikvision_camera/share/hikvision_camera/local_setup.zsh
[7.120s] -- Installing: /home/tuibui/keyence/install/hikvision_camera/share/hikvision_camera/local_setup.dsv
[7.120s] -- Installing: /home/tuibui/keyence/install/hikvision_camera/share/hikvision_camera/package.dsv
[7.120s] -- Installing: /home/tuibui/keyence/install/hikvision_camera/share/ament_index/resource_index/packages/hikvision_camera
[7.120s] -- Installing: /home/tuibui/keyence/install/hikvision_camera/share/hikvision_camera/cmake/hikvision_cameraConfig.cmake
[7.121s] -- Installing: /home/tuibui/keyence/install/hikvision_camera/share/hikvision_camera/cmake/hikvision_cameraConfig-version.cmake
[7.121s] -- Installing: /home/tuibui/keyence/install/hikvision_camera/share/hikvision_camera/package.xml
[7.123s] Invoked command in '/home/tuibui/keyence/build/hikvision_camera' returned '0': CMAKE_PREFIX_PATH=${CMAKE_PREFIX_PATH}:/opt/ros/jazzy DEBUGINFOD_URLS=https://debuginfod.ubuntu.com /usr/bin/cmake --install /home/tuibui/keyence/build/hikvision_camera
